This is pdfTeX, Version 3.141592653-2.6-1.40.28 (MiKTeX 25.12) (preloaded format=pdflatex 2026.1.21)  10 FEB 2026 17:44
entering extended mode
 restricted \write18 enabled.
 file:line:error style messages enabled.
 %&-line parsing enabled.
**c:/Users/HP/Desktop/Traineeship/code/anonimous.tex
(c:/Users/HP/Desktop/Traineeship/code/anonimous.tex
LaTeX2e <2025-11-01>
L3 programming layer <2025-12-29>

! LaTeX Error: File `sagej.cls' not found.

Type X to quit or <RETURN> to proceed,
or enter new name. (Default extension: cls)

Enter file name: 
c:/Users/HP/Desktop/Traineeship/code/anonimous.tex:4: Emergency stop.
<read *> 
         
l.4 ^^M
       
*** (cannot \read from terminal in nonstop modes)

 
Here is how much of TeX's memory you used:
 22 strings out of 467870
 527 string characters out of 5419807
 433733 words of memory out of 5000000
 29001 multiletter control sequences out of 15000+600000
 627721 words of font info for 40 fonts, out of 8000000 for 9000
 1141 hyphenation exceptions out of 8191
 19i,0n,29p,132b,17s stack positions out of 10000i,1000n,20000p,200000b,200000s
c:/Users/HP/Desktop/Traineeship/code/anonimous.tex:4:  ==> Fatal error occurred, no output PDF file produced!
